<html>
<body>
<pre>
<h1>µVision Build Log</h1>
<h2>Tool Versions:</h2>
IDE-Version: µVision V5.15
Copyright (C) 2015 ARM Ltd and ARM Germany GmbH. All rights reserved.
License Information: McGill USER McGill University Flex license: MDK-ARM Professional: 100 user(s) (mdk_pro) Operation stops: 31 Aug 2017
 
Tool Versions:
Toolchain:       MDK-ARM Professional: 100 user(s)  Version: 5.15.0
Toolchain Path:  C:\McGill\Software_Install\EDU\Keil_v5\ARM\ARMCC\Bin
C Compiler:      Armcc.exe V5.05 update 2 (build 169)
Assembler:       Armasm.exe V5.05 update 2 (build 169)
Linker/Locator:  ArmLink.exe V5.05 update 2 (build 169)
Library Manager: ArmAr.exe V5.05 update 2 (build 169)
Hex Converter:   FromElf.exe V5.05 update 2 (build 169)
CPU DLL:         SARMCM3.DLL V5.15.0
Dialog DLL:      DCM.DLL V1.13.2.0
Target DLL:      STLink\ST-LINKIII-KEIL_SWO.dll V2.0.15.0_KEIL
Dialog DLL:      TCM.DLL V1.14.5.0
 
<h2>Project:</h2>
\\campus.mcgill.ca\EMF\ELE\ahuynh14\Desktop\ECSE_426_Final\BLE_SampleProject.uvprojx
Project File Date:  04/10/2017

<h2>Output:</h2>
*** Using Compiler 'V5.06 update 4 (build 422)', folder: 'C:\McGill\Software_Install\EDU\Keil_v5\ARM\ARMCC\Bin'
Rebuild target 'Application'
compiling bluenrg_interface.c...
compiling clock.c...
compiling cube_hal_f4.c...
compiling stm32xx_it.c...
compiling main.c...
.\Inc\uart.h(4): warning:  #47-D: incompatible redefinition of macro "USE_STM32F4XX_NUCLEO"
  #define USE_STM32F4XX_NUCLEO
.\Inc\uart.h(12): warning:  #1-D: last line of file ends without a newline
  #endif
Src\main.c: 2 warnings, 0 errors
compiling fput_debug.c...
compiling BLE_service.c...
Src\BLE_service.c(180): warning:  #177-D: variable "i" was declared but never referenced
    int i;  
Src\BLE_service.c(208): warning:  #177-D: variable "i" was declared but never referenced
    int i;  
Src\BLE_service.c(236): warning:  #177-D: variable "i" was declared but never referenced
    int i;  
Src\BLE_service.c(357): warning:  #940-D: missing return statement at end of non-void function "Pitch_Update"
  }
Src\BLE_service.c(368): warning:  #940-D: missing return statement at end of non-void function "Roll_Update"
  }
Src\BLE_service.c: 5 warnings, 0 errors
compiling supporting_functions.c...
compiling uart.c...
.\Inc\uart.h(4): warning:  #47-D: incompatible redefinition of macro "USE_STM32F4XX_NUCLEO"
  #define USE_STM32F4XX_NUCLEO
.\Inc\uart.h(12): warning:  #1-D: last line of file ends without a newline
  #endif
Src\uart.c(47): warning:  #1-D: last line of file ends without a newline
  }
Src\uart.c: 3 warnings, 0 errors
compiling hci.c...
BLE\STM32_BlueNRG\SimpleBlueNRG_HCI\hci\hci.c(178): warning:  #223-D: function "Hal_Write_Serial" declared implicitly
    Hal_Write_Serial(data1, data2, n_bytes1, n_bytes2);
BLE\STM32_BlueNRG\SimpleBlueNRG_HCI\hci\hci.c: 1 warning, 0 errors
compiling bluenrg_gap_aci.c...
compiling bluenrg_gatt_aci.c...
compiling bluenrg_hal_aci.c...
compiling bluenrg_l2cap_aci.c...
compiling bluenrg_utils_small.c...
compiling bluenrg_itf_template.c...
compiling gp_timer.c...
compiling list.c...
compiling osal.c...
compiling stm32f4xx_nucleo.c...
compiling system_stm32f4xx.c...
compiling stm32_bluenrg_ble.c...
compiling stm32f4xx_hal.c...
compiling stm32f4xx_hal_adc.c...
compiling stm32f4xx_hal_adc_ex.c...
compiling stm32f4xx_hal_cortex.c...
compiling stm32f4xx_hal_dma.c...
compiling stm32f4xx_hal_dma_ex.c...
compiling stm32f4xx_hal_flash.c...
compiling stm32f4xx_hal_flash_ex.c...
compiling stm32f4xx_hal_gpio.c...
compiling stm32f4xx_hal_pwr.c...
compiling stm32f4xx_hal_pwr_ex.c...
compiling stm32f4xx_hal_rcc.c...
compiling stm32f4xx_hal_rcc_ex.c...
compiling stm32f4xx_hal_spi.c...
compiling stm32f4xx_hal_tim.c...
compiling stm32f4xx_hal_tim_ex.c...
compiling stm32f4xx_hal_uart.c...
compiling stm32f4xx_hal_usart.c...
assembling startup_stm32f401xe.s...
compiling retarget_io.c...
linking...
Program Size: Code=18680 RO-data=760 RW-data=124 ZI-data=5012  
".\Objects\BLE_SampleProject.axf" - 0 Error(s), 11 Warning(s).

<h2>Software Packages used:</h2>

Package Vendor: Keil
                http://www.keil.com/pack/Keil.ARM_Compiler.1.3.0.pack
                Keil.ARM Compiler::Compiler:I/O:STDOUT:ITM:1.2.0
                Keil ARM Compiler extensions for ARM Compiler 5 and ARM Compiler 6
   * Component: STDOUT Variant: ITM Version: 1.2.0

<h2>Collection of Component include folders:</h2>
  \\campus.mcgill.ca\EMF\ELE\ahuynh14\Desktop\ECSE_426_Final\RTE
  C:\McGill\Software_Install\EDU\Keil_v5\ARM\PACK\Keil\STM32F4xx_DFP\2.8.0\Drivers\CMSIS\Device\ST\STM32F4xx\Include

<h2>Collection of Component Files used:</h2>

   * Component: Keil.ARM Compiler::Compiler:I/O:STDOUT:ITM:1.2.0
      Source file:   Source\retarget_io.c
</pre>
</body>
</html>
